translationUnit {id=1}
|___(+) {id=2,slot_type=kleene_plus__externalDeclaration}
    |___declaration {id=67,slot_type=externalDeclaration}
    |   |___(+) {id=68,slot_type=kleene_plus__declarationSpecifiers}
    |   |   |___Token:extern {id=79,slot_type=declarationSpecifier}
    |   |   |___Token:int {id=77,slot_type=declarationSpecifier}
    |   |   |___Token:a {id=75,slot_type=declarationSpecifier}
    |   |___Token:; {id=69,slot_type=Semi}
    |___declaration {id=5,slot_type=externalDeclaration}
        |___(+) {id=6,slot_type=kleene_plus__declarationSpecifiers}
        |   |___Token:int {id=66,slot_type=declarationSpecifier}
        |___(?) {id=7,slot_type=optional__initDeclaratorList}
        |   |___initDeclarator {id=10,slot_type=initDeclaratorList}
        |       |___Token:b {id=63,slot_type=declarator}
        |       |___(?) {id=12,slot_type=optional__initDeclaratorPart}
        |           |___initDeclaratorPart {id=13,slot_type=initDeclaratorPart}
        |               |___Token:= {id=14,slot_type=Assign}
        |               |___primaryExpression {id=22,slot_type=initializer}
        |                   |___Token:( {id=23,slot_type=LeftParen}
        |                   |___nonAssignmentBinaryExpression {id=28,slot_type=expression}
        |                   |   |___primaryExpression {id=41,slot_type=castExpression}
        |                   |   |   |___Token:( {id=42,slot_type=LeftParen}
        |                   |   |   |___nonAssignmentBinaryExpression {id=47,slot_type=expression}
        |                   |   |   |   |___Token:a {id=61,slot_type=castExpression}
        |                   |   |   |   |___(*) {id=49,slot_type=kleene_star__nonAssignmentBinaryExpressionPart}
        |                   |   |   |       |___nonAssignmentBinaryExpressionPart {id=50,slot_type=nonAssignmentBinaryExpressionPart}
        |                   |   |   |           |___Token:+ {id=57,slot_type=binaryOperator}
        |                   |   |   |           |___Token:1 {id=56,slot_type=castExpression}
        |                   |   |   |___Token:) {id=44,slot_type=RightParen}
        |                   |   |___(*) {id=30,slot_type=kleene_star__nonAssignmentBinaryExpressionPart}
        |                   |       |___nonAssignmentBinaryExpressionPart {id=31,slot_type=nonAssignmentBinaryExpressionPart}
        |                   |           |___Token:* {id=38,slot_type=binaryOperator}
        |                   |           |___Token:2 {id=37,slot_type=castExpression}
        |                   |___Token:) {id=25,slot_type=RightParen}
        |___Token:; {id=8,slot_type=Semi}
