translationUnit {id=1}
|___(+) {id=2,slot_type=kleene_plus__externalDeclaration}
    |___functionDefinition {id=4,slot_type=externalDeclaration}
        |___(*) {id=5,slot_type=kleene_star__declarationSpecifiers}
        |   |___Token:main {id=48,slot_type=declarationSpecifier}
        |___directDeclarator {id=39,slot_type=declarator}
        |   |___Token:( {id=40,slot_type=LeftParen}
        |   |___Token:argc {id=44,slot_type=declarator}
        |   |___Token:) {id=42,slot_type=RightParen}
        |___compoundStatement {id=7,slot_type=compoundStatement}
            |___Token:{ {id=8,slot_type=LeftBrace}
            |___(*) {id=9,slot_type=kleene_star__blockItem}
            |   |___expressionStatement {id=13,slot_type=blockItem}
            |       |___(?) {id=14,slot_type=optional__expression}
            |       |   |___postfixExpression {id=22,slot_type=expression}
            |       |       |___Token:printf {id=38,slot_type=postfixExpression}
            |       |       |___Token:( {id=24,slot_type=LeftParen}
            |       |       |___(?) {id=25,slot_type=optional__argumentExpressionList}
            |       |       |   |___(+) {id=35,slot_type=argumentExpressionList}
            |       |       |       |___Token:"world\n" {id=36,slot_type=StringLiteral}
            |       |       |___Token:) {id=26,slot_type=RightParen}
            |       |___Token:; {id=15,slot_type=Semi}
            |___Token:} {id=10,slot_type=RightBrace}