translationUnit {id=1}
|___(+) {id=2,slot_type=kleene_plus__externalDeclaration}
    |___functionDefinition {id=4,slot_type=externalDeclaration}
        |___(*) {id=5,slot_type=kleene_star__declarationSpecifiers}
        |   |___Token:void {id=69,slot_type=declarationSpecifier}
        |___directDeclarator {id=61,slot_type=declarator}
        |   |___Token:f {id=62,slot_type=Identifier}
        |   |___(*) {id=63,slot_type=kleene_star__directDeclaratorPart}
        |       |___directDeclaratorPart {id=64,slot_type=directDeclaratorPart}
        |           |___Token:( {id=65,slot_type=LeftParen}
        |           |___Token:) {id=66,slot_type=RightParen}
        |___compoundStatement {id=7,slot_type=compoundStatement}
            |___Token:{ {id=8,slot_type=LeftBrace}
            |___(*) {id=9,slot_type=kleene_star__blockItem}
            |   |___declaration {id=37,slot_type=blockItem}
            |   |   |___(+) {id=38,slot_type=kleene_plus__declarationSpecifiers}
            |   |   |   |___Token:int {id=60,slot_type=declarationSpecifier}
            |   |   |___(?) {id=39,slot_type=optional__initDeclaratorList}
            |   |   |   |___initDeclarator {id=42,slot_type=initDeclaratorList}
            |   |   |       |___Token:a {id=57,slot_type=declarator}
            |   |   |       |___(?) {id=44,slot_type=optional__initDeclaratorPart}
            |   |   |           |___initDeclaratorPart {id=45,slot_type=initDeclaratorPart}
            |   |   |               |___Token:= {id=46,slot_type=Assign}
            |   |   |               |___Token:b {id=55,slot_type=initializer}
            |   |   |___Token:; {id=40,slot_type=Semi}
            |   |___declaration {id=13,slot_type=blockItem}
            |       |___(+) {id=14,slot_type=kleene_plus__declarationSpecifiers}
            |       |   |___Token:int {id=36,slot_type=declarationSpecifier}
            |       |___(?) {id=15,slot_type=optional__initDeclaratorList}
            |       |   |___initDeclarator {id=18,slot_type=initDeclaratorList}
            |       |       |___Token:a {id=33,slot_type=declarator}
            |       |       |___(?) {id=20,slot_type=optional__initDeclaratorPart}
            |       |           |___initDeclaratorPart {id=21,slot_type=initDeclaratorPart}
            |       |               |___Token:= {id=22,slot_type=Assign}
            |       |               |___Token:d {id=31,slot_type=initializer}
            |       |___Token:; {id=16,slot_type=Semi}
            |___Token:} {id=10,slot_type=RightBrace}
