// Auto-generated by Perses AST.
// DO NOT MODIFY.
grammar test_grammar_3;



start
    : b
    ;

a
    : /* Epsilon. */
    ;

b
    : ID
    ;

