// Auto-generated by Perses AST.
// DO NOT MODIFY.
grammar test_grammar_6;



enumerator
    : typedefName optional__enumerator_2
    ;

aux_rule__enumerator_1
    : '=' constantExpression
    ;

optional__enumerator_2
    : aux_rule__enumerator_1?
    ;

