// Auto-generated by Perses AST.
// DO NOT MODIFY.
grammar test_grammar_1;



s
    : a
    | ~('c' | 'd')
    | b+
    ;

a
    : (c b | d)?
    ;

c
    : 'c'
    ;

d
    : 'd'
    ;

aux_rule__b_2
    : d c
    ;

kleene_star__b_1
    : aux_rule__b_2*
    ;

aux_rule__b_3
    : c d
    | d
    | d d
    ;

b
    : kleene_star__b_1 aux_rule__b_3
    ;

