// Auto-generated by Perses AST.
// DO NOT MODIFY.
grammar test_grammar_7;



start
    : kleene_star__start_5 optional__start_6
    ;

aux_rule__start_1
    : 'C'
    | 'D'
    ;

kleene_plus__start_2
    : aux_rule__start_1+
    ;

optional__start_3
    : 'B'?
    ;

aux_rule__start_4
    : 'A' kleene_plus__start_2 optional__start_3
    ;

kleene_star__start_5
    : aux_rule__start_4*
    ;

optional__start_6
    : 'E'?
    ;

