// Auto-generated by Perses AST.
// DO NOT MODIFY.
grammar test_grammar_1;



s
    : a
    | aux_rule__s_1
    | aux_rule__s_2
    ;

a
    : (c b | d)?
    ;

b
    : aux_rule__b_1
    | d
    | aux_rule__b_2
    | aux_rule__b_3
    ;

c
    : 'c'
    ;

d
    : 'd'
    ;

aux_rule__s_1
    : ~('c' | 'd')
    ;

aux_rule__s_2
    : b+
    ;

aux_rule__b_1
    : c d
    ;

aux_rule__b_2
    : d c b
    ;

aux_rule__b_3
    : d d
    ;

