// Auto-generated by Perses AST.
// DO NOT MODIFY.
grammar test_grammar_9;



start
    : ('A' | 'B') kleene_plus__start_1 kleene_star__start_2 optional__start_4
    ;

kleene_plus__start_1
    : 'C'+
    ;

kleene_star__start_2
    : 'D'*
    ;

aux_rule__start_3
    : 'E'
    | 'F'
    ;

optional__start_4
    : aux_rule__start_3?
    ;

