// Auto-generated by Perses AST.
// DO NOT MODIFY.
grammar test_grammar_9;



start
    : altnt_block__start_1 'C'+ 'D'* ('E' | 'F')?
    ;

altnt_block__start_1
    : 'A'
    | 'B'
    ;

