// Auto-generated by Perses AST.
// DO NOT MODIFY.
grammar test_grammar_2;



id
    : 'hello' 'world'
    ;

aux_rule__start_2
    : '[]'
    | '()'
    | '.' id
    | '->' id
    | '++'
    | '--'
    ;

kleene_star__start_1
    : aux_rule__start_2*
    ;

aux_rule__start_3
    : id
    | '(' id ')'
    | 'extension' '(' id ')'
    ;

start
    : aux_rule__start_3 kleene_star__start_1
    ;

