// Auto-generated by Perses AST.
// DO NOT MODIFY.
grammar test_grammar_4;



a
    : (b c | d)?
    ;

b
    : c d
    | (b c | d)? d
    ;

c
    : 'c'
    ;

d
    : 'd'
    ;

