// Auto-generated by Perses AST.
// DO NOT MODIFY.
grammar test_grammar_5_PnfPassManager_output;



start
    : optional__start_1 'c'
    ;

optional__start_1
    : 'b'?
    ;

